MAX HEAP
peek: 2131925610
rootlist: 894416410 2086105860 1919854381 2131925610*
debug:
{{894416410,2086105860,1919854381,2131925610}}
{{475191198}}{{1069979073,589806848}}{{171864072,590011675,963050649}}
{{33661026}}{{99788765}}{{602511920,317159276}}
{{171035632}}
size is 15
extracting a bunch of values...
peek: 2131925610
rootlist: 894416410 2086105860 1919854381 2131925610*
debug:
{{894416410,2086105860,1919854381,2131925610}}
{{475191198}}{{1069979073,589806848}}{{171864072,590011675,963050649}}
{{33661026}}{{99788765}}{{602511920,317159276}}
{{171035632}}
size is 15
