MAX HEAP
rootlist: 790013319 NULL 1374966633 1872028832 NULL NULL NULL 2146310952*
debug:
{{790013319,1374966633,1872028832,2146310952}}
{{990280659,736801495}}{{517119097,1600575902,1611735533}}{{1002709979,2032900616,975043522,1861868934,2067709074,2093222102,2117304641}}
{{156795084}}{{1281889050}}{{306114431,1352259370}}{{240423380}}{{87569658,861598202}}{{1771942505,1582423106,1717750487}}{{189519399,1289752479,1793755515,1567777997}}{{122801236,1878479959,1877307263,2009503241,2077113328}}{{1450227128,1612122906,762286598,2058741293,2053760398,2111229778}}
{{1256412320}}{{146005793}}{{528913797}}{{249746028,279925035}}{{658898956}}{{578055066,1498669095}}{{627412908,697543999,1474054747}}{{186161834}}{{8218204,1188871813}}{{759138652,1444442699,1737191674}}{{355323213,1294461471,1004137765,1947216308}}{{958646958}}{{394508066,715040508}}{{1057857094,1373455104,2008352169}}{{527508459,1909090076,1346358552,1825113221}}{{665477002,2026865323,1886053605,2066988985,2100237557}}
{{132195977}}{{267267181}}{{660510101}}{{282985050,1154921367}}{{288143239}}{{537889268}}{{1068901556,1288052450}}{{1052867212}}{{449139224,716406405}}{{929312099,1790910301,1921874379}}{{133368673}}{{94417587}}{{1854160482,819434694}}{{870233997}}{{310787885,1014238234}}{{1109062116,1642301912,1134856559}}{{1137441935}}{{1671359093,894851842}}{{290852541,1717401112,1730087285}}{{1722796575,1316858455,1484134620,1666778270}}
{{422116529}}{{252274554}}{{283357813}}{{1295241361}}{{590139781,1012256311}}{{692058472}}{{49357842}}{{886775919}}{{208916616,469379556}}{{478150616}}{{865455665}}{{182811308,1385463286}}{{243606450}}{{222111028,685286189}}{{831189951,1422466540,1326652023}}
{{473161561}}{{347041754}}{{531287043}}{{667869011}}{{365798622}}{{913157944,1183526400}}
{{99262092}}
size is 141
