MAX HEAP
peek: 2147469986
size is 101423
extracting a bunch of values...
extraction #101393: 506595
extraction #101394: 494014
extraction #101395: 482552
extraction #101397: 477820
extraction #101398: 457090
extraction #101400: 453952
extraction #101402: 430493
extraction #101404: 429234
extraction #101405: 418784
peek: 384672
rootlist: 384457 NULL 384412 NULL 384672*
debug:
{{384457,384412,384672}}
{{226860,354509}}{{305326,337956,377972,380905}}
{{319276}}{{229285}}{{117531,253024}}{{372781,248013,340746}}
{{48536}}{{138864}}{{242783,211311}}
{{102467}}
size is 21
