MAX HEAP
peek: 2147482372
size is 109295
extracting a bunch of values...
extraction #109265: 487599
extraction #109266: 451841
extraction #109267: 426396
extraction #109271: 390521
extraction #109272: 388902
extraction #109275: 387751
extraction #109281: 367301
extraction #109282: 281286
peek: 262425
rootlist: NULL 214580 159466 NULL 262425*
debug:
{{214580,159466,262425}}
{{73599}}{{50986,91322}}{{196433,150386,168340,205084}}
{{62322}}{{54670}}{{3219,45712}}{{145896,166517,190606}}
{{38123}}{{118533}}{{67873,149827}}
{{129587}}
size is 22
