MAX HEAP
rootlist: 1088500544 665131385 NULL 1968078301*
debug:
{{1088500544,665131385,1968078301}}
{{417397028}}{{287724083,558519326,1404622363}}
{{410622274}}{{901520025,773440537}}
{{460165363}}
size is 11
