MAX HEAP
peek: 2138782586
rootlist: 462792178 NULL NULL NULL 2138782586*
debug:
{{462792178,2138782586}}
{{68574097,1105564443,1863967299,1909053865}}
{{21961325}}{{1045618677,1272579899}}{{351969720,1751255526,1291851600}}
{{461085871}}{{1641615331}}{{118852153,1131251315}}
{{191929321}}
size is 17
extracting a bunch of values...
peek: 2138782586
rootlist: 462792178 NULL NULL NULL 2138782586*
debug:
{{462792178,2138782586}}
{{68574097,1105564443,1863967299,1909053865}}
{{21961325}}{{1045618677,1272579899}}{{351969720,1751255526,1291851600}}
{{461085871}}{{1641615331}}{{118852153,1131251315}}
{{191929321}}
size is 17
