MAX HEAP
peek: 2147207377
size is 1015
extracting a bunch of values...
extraction #985: 73534951
extraction #986: 72712919
extraction #987: 72135757
extraction #989: 68513173
extraction #990: 68219162
extraction #992: 65956183
extraction #994: 64016995
extraction #995: 61510866
extraction #1000: 58105910
peek: 53850988
rootlist: 35768061 NULL 47645926 NULL 53850988*
debug:
{{35768061,47645926,53850988}}
{{25023980,32741359}}{{22345786,22749827,36399693,50639463}}
{{5759578}}{{21496476}}{{12641284,30174803}}{{6207685,46309622,48527918}}
{{9335487}}{{25874242}}{{48358650,41538481}}
{{5728042}}
size is 21
