pre-order: [3 [2]]
level: 3
2
is 2 present? yes
pre-order: [2]
level: 2
is 2 present? yes
pre-order: []
level: is 2 present? no
size: 0
Nodes: 0
Minimum depth: -1
Maximum depth: -1
