0: 291
1: 18(291)3 712(291)2 842(291)0
2: 46(842)1 140(842)1 153(842)3 631(842)1 828(712)1
3: 8(46)0 349(46)0 616(46)0
4: 48(349)0 397(8)0 955(8)0 992(349)0
5: 29(397)5 170(397)0 214(992)1 226(992)0 400(955)0 416(397)2 450(955)1 590(48)1
6: 21(590)1 41(226)1 227(226)1 287(226)2 336(170)0 338(214)0 429(416)2 697(226)3 810(170)0 846(170)1
7: 26(810)1 76(336)2 115(338)1 118(810)0 164(227)3 210(227)3 213(846)5 392(21)2 531(429)1 659(810)5 765(21)0 928(810)0 929(336)1 1021(21)0
8: 63(765)0 234(1021)1 245(929)1 362(531)2 434(115)1 441(531)3 471(118)2 513(765)1 518(26)1 562(118)2 628(1021)1 635(1021)6 691(531)1 693(115)1 776(392)0 801(115)2 834(118)4 871(115)4 923(928)1 930(210)0 1003(928)1
9: 9(513)0 97(518)1 109(518)0 134(628)1 221(362)8 252(245)3 303(63)1 353(693)1 494(513)2 500(471)2 573(691)0 641(1003)2 646(245)1 747(628)1 750(245)1 785(1003)1 792(362)0 845(234)1 920(513)0 952(518)1 982(471)1 997(518)2
10: 19(494)0 60(9)3 67(303)2 70(109)0 73(785)1 78(997)2 152(500)1 179(997)2 187(573)3 248(747)0 254(303)0 296(920)1 359(646)1 390(747)3 428(353)1 481(573)0 585(641)1 687(750)0 841(747)3 1018(109)1
11: 28(359)0 72(70)1 79(481)3 132(359)2 203(296)1 280(70)1 378(1018)2 433(254)2 484(248)2 499(78)3 533(296)0 571(585)4 605(254)0 653(152)3 696(19)0 717(585)2 814(152)0 902(296)1 946(254)1
12: 89(203)0 167(696)3 169(533)0 184(132)2 196(696)0 258(79)0 270(717)1 321(484)0 366(484)5 409(433)2 459(902)4 491(28)1 567(902)0 666(28)2 668(533)1 711(72)1 817(203)2 848(203)0 919(902)0 976(280)2 995(280)0
13: 43(89)0 151(169)0 189(184)3 342(567)8 398(258)0 462(491)2 485(491)2 486(169)1 495(169)1 524(89)0 560(321)1 815(567)0 859(459)2 999(258)2
14: 1(151)1 68(815)1 156(524)1 177(189)2 267(495)2 297(486)0 388(189)1 461(486)2 506(151)0 604(485)1 681(151)3 692(43)1 925(43)1
15: 93(297)2 103(1)0 201(604)2 311(1)1 324(156)1 335(925)0 365(681)2 405(297)0 432(68)1 637(388)3 881(68)1 906(297)2
16: 35(335)0 91(432)2 305(311)0 347(324)4 348(103)3 550(637)2 581(201)1 672(324)1 698(881)0 724(324)0 844(93)1 895(405)1 978(881)0
17: 40(698)1 106(895)2 198(724)1 220(348)3 330(35)0 410(698)0 435(724)1 454(347)5 660(35)3 798(305)1 800(305)1 1002(724)1
18: 17(106)0 96(330)0 136(106)1 180(800)3 292(106)1 308(435)2 313(798)0 420(800)1 470(198)3 563(330)0 673(410)2 741(198)0 903(660)2 942(410)1 1023(410)0
19: 62(96)0 195(942)2 222(96)5 250(741)1 294(420)0 317(313)0 343(96)5 451(741)5 536(420)4 546(1023)2 568(17)3 598(292)2 603(1023)1 716(96)0 840(741)0 864(563)1 878(420)0 885(1023)2 894(136)1 963(17)1 965(741)1
20: 52(250)0 104(716)1 126(885)5 131(716)3 162(195)1 166(317)1 240(317)0 271(195)0 345(878)0 418(963)1 444(963)0 465(878)0 684(568)2 740(716)0 753(878)1 807(195)2 813(894)1 830(840)0 835(62)0 863(864)0 898(603)2
21: 2(753)1 16(162)2 25(807)1 31(465)0 57(104)0 92(753)1 113(813)0 186(271)2 218(162)3 219(240)1 239(52)0 351(830)1 391(835)2 460(162)1 466(131)1 467(740)2 522(104)2 535(863)1 565(465)0 612(52)0 682(104)0 732(740)0 745(753)3 791(813)0 843(418)0 890(898)3 922(166)1 966(753)1
22: 56(25)1 86(522)3 107(565)2 145(218)1 163(31)1 182(966)2 202(565)0 208(351)4 217(612)4 257(460)1 274(92)0 344(113)1 448(218)1 526(25)2 610(535)2 634(239)0 749(565)2 854(466)0 861(351)0 889(31)2 943(565)0 949(890)5 981(92)1 986(391)1
23: 30(610)2 74(163)2 75(257)0 172(749)2 175(145)1 191(182)1 200(861)3 235(344)1 346(257)1 358(854)5 373(257)5 387(448)1 545(634)0 654(943)1 662(943)3 820(202)1 823(889)0 866(634)0 901(634)0 914(202)0 1013(943)1
24: 33(820)0 53(191)3 85(654)0 110(901)1 255(866)0 564(74)0 577(545)3 600(901)4 606(1013)1 752(545)0 788(1013)0 789(823)0 853(172)0 926(866)1
25: 122(926)1 176(577)0 300(85)2 370(926)1 385(255)1 515(110)0 516(926)0 552(255)0 679(853)0 764(110)1 838(33)1 850(255)0 855(110)0 924(926)2 940(926)0 985(110)0 1014(110)1
26: 11(679)1 66(122)1 120(1014)3 282(552)5 393(515)0 396(838)0 456(385)1 478(764)1 504(850)1 505(985)3 583(122)1 587(855)1 614(855)0 856(850)2 874(855)0 970(764)1 975(515)0 1004(385)0 1009(850)3
27: 20(856)0 144(614)2 146(120)5 183(11)0 205(874)1 259(478)2 277(505)3 301(587)0 318(456)1 356(1004)1 360(66)1 502(393)0 602(478)4 656(970)2 690(1004)0 705(504)0 770(614)1 805(975)0 973(456)0
28: 23(144)2 69(259)4 241(360)3 243(770)1 251(318)1 309(146)1 339(705)3 371(770)1 406(183)0 422(20)3 426(805)1 487(144)1 523(805)0 538(360)0 541(973)0 589(318)0 595(502)0 618(805)0 627(973)0 648(770)0 685(805)2 710(705)0 779(502)1 786(502)2 796(144)0 826(259)1 852(301)2 880(690)1 899(144)0 910(277)6 977(318)0
29: 3(852)0 124(977)0 158(406)1 165(523)1 197(426)1 216(523)7 256(371)2 289(627)0 337(523)2 355(618)1 446(977)6 519(779)1 548(523)0 636(880)1 700(710)2 727(589)2 771(487)0 782(595)1 809(648)4 867(618)2 884(977)3 900(487)1 905(309)1 921(977)1 935(852)1 964(595)3 968(371)1 989(852)1 1001(977)3 1008(899)0
30: 39(124)2 114(636)2 121(636)1 138(989)2 148(727)5 157(771)0 306(968)3 325(197)1 375(519)2 386(158)3 395(636)2 501(548)0 557(256)1 576(124)1 638(519)0 671(1008)0 699(519)0 702(935)2 769(921)0 783(935)0 784(337)2 787(158)0 821(165)7 877(519)1 913(1008)2 933(1008)1 934(289)3 948(900)4 1000(782)0
31: 14(913)0 32(877)1 44(699)2 45(157)0 99(121)3 117(501)0 141(114)1 155(1000)3 209(325)7 249(787)1 262(576)2 264(576)0 265(501)1 290(325)2 320(138)1 509(121)2 517(576)0 529(877)0 539(671)1 607(148)1 613(576)0 677(157)3 686(121)1 695(702)1 738(395)2 744(157)5 754(576)1 778(934)3 824(1000)1 857(699)0 868(783)3 870(783)1 883(913)3 961(325)0 1005(39)0
32: 10(870)1 38(754)2 88(117)1 133(857)4 154(754)1 168(1005)2 188(961)1 225(961)2 236(44)1 278(686)2 331(529)1 361(117)0 394(155)6 437(824)3 482(262)1 626(264)0 669(99)3 674(290)1 763(249)3 799(695)0 804(155)3 808(509)1 812(857)0 837(824)3 847(857)0 849(686)1 851(754)4 875(539)0 907(32)2 953(44)5 959(857)1 983(290)0 993(529)2
33: 15(188)0 24(804)4 150(849)2 174(959)0 178(875)2 212(331)0 269(88)0 281(812)2 285(331)0 316(38)2 341(812)0 376(168)0 384(875)2 389(88)2 401(236)1 430(225)2 469(847)1 480(482)1 497(812)0 544(847)3 599(154)0 658(959)4 730(812)1 760(804)1 803(808)3 816(361)0 819(847)0 822(278)0 893(188)2 936(875)3 951(331)0
34: 6(174)0 36(730)0 135(341)3 147(212)3 149(822)0 160(15)1 215(178)0 293(269)0 299(401)1 447(150)2 474(816)1 507(178)1 508(760)3 534(376)1 559(384)0 584(730)3 594(269)0 609(178)1 621(893)0 661(497)1 689(174)0 718(178)1 728(178)1 759(285)2 832(803)2 833(430)2 937(951)2 971(269)0 972(401)0 998(15)0
35: 54(609)3 83(609)0 211(559)1 283(998)1 323(534)2 403(160)2 445(293)0 452(998)0 457(36)7 510(718)0 532(149)7 579(998)1 591(507)2 601(689)1 608(609)1 615(998)1 619(149)5 632(507)1 676(971)1 729(998)1 731(135)2 755(609)5 839(594)4 876(661)1 912(447)0 945(998)2 956(293)1
36: 22(956)2 34(452)0 81(283)1 128(323)1 130(956)0 228(956)0 332(729)4 333(619)2 374(452)0 379(729)0 404(323)1 439(403)3 498(283)2 554(956)1 713(676)1 719(54)1 743(445)1 773(510)0 806(839)2 829(956)1 872(729)4 891(632)1 911(510)5 918(323)0 1015(452)0
37: 5(379)1 59(379)2 71(81)0 101(404)1 116(743)2 190(1015)0 223(34)2 298(1015)0 369(130)0 380(34)1 399(128)2 408(719)6 463(81)1 473(713)1 490(498)0 555(773)1 575(439)1 586(918)1 639(128)2 655(743)1 701(34)2 720(374)1 772(34)2 774(806)3 831(743)2 836(918)0 1012(719)4 1016(374)0
38: 13(369)3 65(836)2 80(298)2 98(5)0 125(836)2 143(774)3 192(772)6 207(639)3 247(555)1 286(473)1 295(5)1 315(369)0 319(473)1 326(369)0 334(399)1 407(369)1 412(59)0 464(831)3 493(190)8 543(116)4 592(369)2 620(298)0 675(720)2 707(720)2 825(399)0 917(555)1 927(473)0 958(223)0 984(575)0
39: 12(407)1 82(917)2 100(917)3 123(286)3 137(295)1 142(286)0 185(620)1 302(592)2 328(80)2 413(334)1 431(125)3 443(286)0 449(407)1 530(319)0 537(65)0 574(927)4 624(247)0 647(125)0 650(412)0 667(958)6 736(917)0 775(927)1 802(984)2 860(958)1 974(675)0
40: 0(860)0 4(647)1 127(123)0 139(185)1 171(647)2 244(530)1 260(650)0 261(123)2 288(530)1 377(328)0 382(142)0 521(449)1 580(647)1 588(650)1 663(775)1 670(123)3 722(413)5 723(624)2 733(530)1 811(142)1 865(100)0 879(82)0 969(142)0 988(574)2 1006(860)0 1017(443)3 1022(302)0
41: 49(382)0 77(1022)2 102(244)0 181(811)1 233(1022)0 279(521)1 364(382)0 427(260)5 440(377)2 551(288)1 572(171)0 596(663)3 652(733)0 709(260)0 746(588)0 768(260)1 858(733)0 862(521)0 909(171)1 991(811)1 1019(260)1
42: 119(909)0 129(746)0 159(652)0 276(909)1 310(551)0 368(364)1 421(1019)1 423(77)0 475(49)1 511(858)1 570(279)7 643(181)0 645(572)1 725(652)0 726(652)0 739(181)0 777(572)1 781(768)0 887(1019)0 962(768)1 967(1019)3 994(909)0
43: 51(781)0 55(781)1 94(739)0 246(159)0 284(887)1 307(475)0 363(475)1 402(781)1 453(421)1 455(310)3 512(994)0 540(129)0 556(726)0 566(159)0 617(310)1 665(159)0 688(421)3 704(781)2 706(129)0 708(643)0 794(310)0 897(119)1 915(475)6 939(368)1 950(475)1 954(475)0 1011(777)2 1020(511)1
44: 37(453)0 108(1011)0 173(939)9 194(402)2 199(55)4 230(954)0 263(897)4 314(556)4 327(556)1 383(1020)2 425(708)1 436(950)2 458(704)0 472(954)2 476(708)0 514(363)2 582(453)0 597(307)2 622(363)1 625(453)1 680(950)0 734(284)0 748(706)4 780(665)2 873(1020)0 886(665)1 931(617)0
45: 64(458)3 204(327)0 206(873)0 238(37)1 266(873)1 322(582)2 354(383)0 367(476)6 417(780)0 424(327)2 477(734)2 479(734)5 525(582)1 553(680)2 561(476)2 593(327)0 651(327)4 657(37)1 757(230)1 869(625)0 882(263)3 979(194)2 980(734)1 996(873)0
46: 161(322)0 224(757)6 231(266)0 273(424)2 275(869)0 372(64)4 488(204)2 542(477)3 569(354)0 623(882)0 629(64)2 644(980)0 678(64)1 703(238)1 714(980)2 888(553)0 932(204)1 941(477)3
47: 47(275)4 229(644)3 272(714)0 414(161)1 419(488)0 547(231)2 735(569)1 751(644)1 761(644)1 818(703)2 1007(703)0
48: 61(1007)0 84(547)1 95(751)0 105(761)3 112(761)1 329(419)0 357(547)1 520(751)0 549(272)2 640(547)2 683(1007)1 762(751)1 790(751)1 904(751)1 990(761)1
49: 7(84)5 50(683)0 90(520)1 193(520)2 312(990)1 578(683)0 630(790)3 633(112)1 649(762)2 664(95)1 767(520)2 944(790)0
50: 304(944)0 381(90)0 442(50)1 468(578)1 503(633)2 715(312)1 742(312)2 793(664)1 1010(312)2
51: 58(715)2 350(304)0 642(715)1 797(468)0 916(742)1 938(715)0 947(715)1
52: 27(350)0 87(642)2 527(938)1 737(58)0
53: 42(87)2 242(27)2 415(527)0 492(27)0
54: 232(492)1 352(492)1 908(492)0
55: 496(232)0 827(352)3 896(908)4 957(352)1 960(352)0
56: 237(960)1 253(957)1 483(496)1 489(496)2 611(957)0 756(957)1 795(957)0
57: 111(611)3 268(483)3 340(237)0 411(611)0 438(611)1 721(237)2 758(253)4 892(756)1
58: 528(340)1 558(411)0 694(411)1 766(892)2 987(411)0
weight: 1348
