0: 11
1: 2(11)467 14(11)323
2: 1(14)51
3: 5(1)130 7(1)204 13(1)50
4: 3(5)78 8(7)61 9(7)170 15(7)153
5: 0(9)143 4(9)146 6(9)281
6: 10(0)160 12(0)166
weight: 2583
