0: 8
1: 1(8)137 3(8)341 4(8)58 5(8)7 6(8)132
2: 7(5)112 9(1)38
3: 0(9)64
4: 2(0)17
weight: 906
