0: 93
1: 297(93)9
2: 102(297)11 116(297)1
3: 142(102)1 177(116)7 235(116)0
4: 64(142)15 105(142)15 157(177)6 448(177)4
5: 103(448)5 406(448)4
6: 171(103)2 271(406)6 395(406)2
7: 107(271)1 143(271)5 319(395)2 453(171)1 481(271)4
8: 11(107)0 42(319)5 53(107)1 152(107)1 207(143)5 454(319)1 478(143)3
9: 62(207)0 191(478)3 222(152)0 289(454)5 291(478)6 372(42)4 398(478)7 466(152)2
10: 8(291)7 65(398)6 67(222)5 126(222)0 245(191)2 246(222)4 248(222)6 277(289)4 315(62)5 505(372)5
11: 17(277)7 21(277)7 97(248)5 146(65)1 156(67)1 370(245)3 413(67)1 415(315)4 420(67)6 461(126)3 463(315)5 471(505)11 494(67)7
12: 24(370)3 27(156)1 118(461)2 269(21)19 313(463)0 318(97)0 357(17)9 396(415)5 409(415)2 449(413)1 465(97)4
13: 44(118)2 68(449)5 82(313)13 94(449)2 145(27)10 304(27)1 320(318)12 338(27)3 364(396)3 422(409)3 457(409)4
14: 29(422)1 49(94)8 95(44)0 124(304)0 144(44)22 194(68)3 278(338)0 307(82)0 317(94)5 418(82)6 419(94)4 424(68)4 444(320)5 458(94)7 491(94)0 510(422)1
15: 6(510)3 46(124)3 108(194)4 137(317)4 176(194)7 209(278)3 233(29)4 305(278)6 353(491)2 360(95)0 423(419)4 435(419)4 446(317)0 483(444)11 509(424)2
16: 31(509)6 114(6)9 138(509)0 140(108)14 162(435)1 240(423)0 279(6)0 284(446)10 298(176)12 333(305)1 349(509)4 387(108)3 412(6)8 414(360)1 432(46)5 469(360)1 486(353)2 487(423)0
17: 7(31)5 15(31)2 28(432)3 33(279)3 40(387)6 55(138)3 58(414)6 74(279)6 87(31)1 89(279)0 111(240)5 134(284)12 212(487)5 224(333)0 249(349)4 267(162)2 286(469)4 290(240)5 321(469)9 330(387)5 341(414)2 344(487)3 384(432)1 386(138)9 411(432)15 436(387)2 442(138)4 456(162)7 473(432)0 496(432)2 499(31)1
18: 3(436)5 5(290)8 12(111)6 13(111)3 16(87)2 34(40)2 63(58)6 70(212)1 72(249)7 78(40)7 92(341)1 96(290)2 110(7)4 113(286)3 132(15)5 179(496)6 192(290)4 204(58)7 217(496)4 218(344)7 272(290)2 316(341)1 324(40)6 326(111)6 339(74)11 346(74)16 350(89)17 351(33)2 352(7)1 362(249)6 373(290)3 380(436)2 417(55)3 439(28)4 445(89)6 470(267)3 474(249)7 479(442)5 485(111)5 492(436)9
19: 0(351)3 9(316)1 48(113)6 80(12)7 86(12)7 119(218)3 123(445)3 125(351)2 127(132)5 135(217)9 150(70)4 155(16)10 173(110)6 178(96)2 185(92)7 200(78)2 213(34)8 216(470)6 238(445)3 239(362)11 247(13)6 255(113)3 258(5)0 260(92)6 276(13)1 294(373)4 312(217)6 343(110)1 355(417)2 363(470)1 367(96)1 375(72)7 391(362)13 407(272)0 410(13)1 427(479)4 438(362)6 495(192)1 497(92)8
20: 20(410)2 23(9)5 26(294)3 36(239)7 37(216)5 43(312)6 50(213)4 61(497)4 79(438)1 81(123)1 98(86)11 101(495)4 109(135)1 122(312)9 139(276)1 160(185)0 166(155)10 189(213)4 210(260)5 211(294)0 223(438)1 225(343)8 237(312)4 257(135)7 259(150)0 274(216)0 283(410)4 292(185)3 300(255)1 308(125)3 314(355)4 329(238)8 337(343)2 366(407)1 371(213)0 376(410)10 377(260)2 378(127)22 394(173)4 404(497)3 428(363)2 431(312)6 440(119)2 441(239)11
21: 35(314)5 51(223)4 54(308)7 76(308)2 90(166)7 99(371)14 100(223)5 106(79)6 128(274)18 131(20)1 151(81)6 153(292)2 165(257)10 172(122)2 175(314)3 180(394)4 181(314)5 184(274)0 208(23)2 226(394)6 254(101)1 285(122)3 306(23)1 342(23)9 365(329)12 369(211)2 374(283)2 385(329)0 405(23)2 416(337)5 443(122)10 450(377)0 476(139)4 482(428)8 498(314)7
22: 56(306)13 66(51)9 77(342)4 83(184)1 84(369)8 85(90)11 91(181)8 117(369)7 121(184)2 141(184)12 188(54)8 193(131)2 195(35)4 196(35)3 221(54)5 232(476)2 236(165)15 241(498)2 242(405)0 256(153)5 287(208)15 293(450)1 322(285)9 358(54)9 383(482)1 390(306)3 397(106)6 400(482)8 402(405)3 426(342)5 447(365)14 460(405)0 475(226)8 477(184)1 488(181)3 493(181)6 503(153)6 511(306)17
23: 1(383)0 19(383)1 32(83)1 52(141)7 59(460)6 71(117)2 104(390)6 120(402)8 158(402)11 159(242)0 169(477)6 182(84)3 198(402)4 214(390)2 234(477)2 250(293)5 270(511)15 299(232)7 309(83)2 310(390)4 328(493)2 348(117)0 361(221)0 368(460)0 382(460)3 389(293)3 392(475)8 401(91)1 433(242)3 437(477)0 459(232)3 462(66)2 464(322)15 468(460)5 484(493)19 489(242)7
24: 4(382)3 39(382)4 45(234)7 75(348)9 112(328)8 129(382)5 130(120)5 133(1)4 154(382)6 163(468)8 174(71)4 197(198)5 220(468)3 231(328)5 253(464)4 263(382)2 265(382)0 325(459)20 340(104)4 354(437)1 430(392)4 434(250)0 451(59)4 452(401)2 467(214)1 472(462)11 480(392)12 507(433)4 508(309)0
25: 2(112)16 30(75)2 41(430)1 57(507)1 69(467)4 73(480)4 147(129)2 167(174)1 183(4)6 202(4)5 203(75)0 206(434)1 219(129)3 229(163)0 264(39)0 275(452)7 282(452)0 301(265)7 336(39)4 347(231)4 356(508)8 379(430)5 408(354)7 502(467)4
26: 22(264)0 161(202)6 170(69)1 190(347)1 230(57)0 244(57)2 252(167)2 281(502)3 296(202)2 302(183)4 311(69)1 323(41)0 335(57)17 345(2)3 359(147)3 393(502)3 421(167)2 429(347)10 500(356)2 501(30)2 506(379)8
27: 38(252)1 88(429)36 115(252)10 148(500)9 164(230)10 201(323)1 215(252)8 227(393)6 243(500)1 261(359)1 266(500)5 273(170)0 288(296)5 295(296)14 327(393)7 381(281)1 425(22)7 455(302)3 504(421)9
28: 14(273)2 25(227)0 47(425)3 60(243)7 251(288)8 268(115)2 280(455)0 332(425)5 388(201)6 490(243)2
29: 10(14)3 18(25)5 136(280)1 186(490)4 205(388)0 399(60)0
30: 149(10)2 199(10)4 262(10)7 334(136)6 403(136)3
31: 187(149)6 228(403)0 303(199)5 331(334)7
32: 168(331)1
weight: 2363
