0: 66
1: 154(66)5 226(66)0
2: 51(226)3 62(226)10 129(154)6
3: 75(51)4 195(62)8 245(129)3 251(51)4
4: 104(75)9 105(75)2 169(245)27 174(75)6 214(195)1
5: 25(174)11 29(105)5 69(174)3
6: 55(25)8 79(29)4 94(69)2 107(29)5 159(29)8 199(69)6 224(29)9
7: 3(159)7 48(55)6 82(94)17 91(159)24 136(79)2 144(224)12 231(107)13 246(199)9 250(224)9
8: 1(3)0 9(82)8 44(48)8 54(82)7 122(246)1 128(48)13 147(136)3 161(136)10 170(231)2 240(231)7
9: 14(44)15 30(1)4 34(44)20 217(44)5 222(128)14 241(1)17
10: 15(30)8 46(34)10 197(217)4
11: 18(15)3 102(15)5 165(197)0 194(15)20
12: 72(102)2 85(102)2 252(102)10
13: 0(85)4 16(85)2 103(72)7 119(72)4 138(72)1 237(85)4
14: 33(237)12 52(119)3 118(0)8 177(103)9 209(237)6 239(237)9
15: 10(118)5 24(209)37 49(209)5 86(52)0 116(33)6 123(52)7 127(52)3 202(209)4 211(209)0
16: 31(202)6 81(211)0 96(123)18 133(49)6 140(127)5 175(202)19 188(211)1 191(10)3 210(127)2 212(127)11
17: 6(133)8 39(188)9 42(31)8 43(31)2 47(133)1 53(210)4 130(31)2 135(81)0 156(210)18 225(31)16
18: 12(135)5 23(43)33 41(130)3 87(53)9 99(135)8 110(43)1 142(130)7 151(43)0 179(39)4 181(6)7 223(130)16 242(47)2
19: 4(179)2 5(110)0 22(242)4 26(87)4 84(12)15 113(87)14 173(110)4 184(151)4 204(110)8 206(110)0 235(87)11
20: 11(5)9 32(184)4 38(204)10 93(22)4 120(5)5 126(26)2 168(184)3 178(206)9 192(5)5 196(5)1 220(235)1 233(4)19
21: 35(178)6 37(126)15 50(168)9 56(11)4 64(196)0 65(192)1 67(192)1 71(168)1 80(168)2 131(32)2 134(93)2 146(196)9 157(168)13 160(93)6 183(32)7 187(168)2 205(32)1
22: 17(80)1 19(131)3 58(131)11 60(131)5 68(205)8 78(187)13 88(183)10 89(80)8 101(64)15 111(205)4 124(183)6 150(131)6 152(146)5 162(64)6 176(80)9 182(160)11 185(80)9 213(183)6 215(65)2 230(160)9 249(157)10
23: 40(176)6 45(68)15 59(89)31 73(213)5 90(89)0 98(68)6 108(162)4 114(58)3 132(68)7 137(111)6 145(150)7 148(68)5 149(58)0 190(213)4 198(150)10 216(19)16 218(215)4 221(213)0 243(88)14
24: 20(145)15 21(145)18 70(137)7 74(218)0 76(218)8 106(145)2 112(198)15 115(190)18 117(114)9 121(145)6 143(218)3 171(114)1 201(218)12 219(145)7 228(40)11 236(73)2 238(73)0 244(148)3 247(218)21 254(145)1
25: 13(121)9 57(117)8 77(74)1 95(143)8 100(236)9 164(244)3 167(244)1 200(74)10 203(236)5 232(143)1 253(143)19 255(228)0
26: 27(203)8 28(200)6 125(232)8 139(232)1 141(203)1 172(100)5 180(203)12 208(164)2 227(232)17 229(77)26 248(95)12
27: 2(141)9 7(180)9 8(172)8 92(125)15 109(172)10 189(28)15 193(125)2 234(125)4
28: 63(2)11 83(2)10 97(193)9 153(234)9 155(8)4 163(2)7
29: 36(155)16 158(97)8 186(63)23
30: 61(158)15 166(158)13
31: 207(61)19
weight: 1882
