0: 0
1: 1(0)74 3(0)189
2: 2(3)221
3: 4(2)238 5(2)46 6(2)198
4: 7(6)195
weight: 1161
