0: 16
1: 43(16)68
2: 78(43)6
3: 77(78)50 106(78)21
4: 90(77)2 110(106)15
5: 23(110)10 123(110)32
6: 20(23)14 45(123)39 72(123)28 75(23)34 81(123)9 83(23)19
7: 11(83)13 34(81)55 37(20)14 48(45)39 66(45)22 80(81)23 118(72)17 126(83)40
8: 1(80)12 38(11)28 61(11)33 64(66)29 87(11)34 91(37)26 99(48)49 114(66)3 117(66)41 124(11)28
9: 0(38)6 4(117)2 26(64)11 36(124)14 56(124)34 70(61)24 82(117)17 85(114)115 112(38)9 122(61)38
10: 25(70)15 30(70)15 44(56)12 54(70)7 69(0)33 86(0)48 95(122)33 97(4)41 107(4)140 108(26)89 113(112)14
11: 2(30)48 7(25)2 10(69)14 31(44)11 40(113)29 46(44)1 62(69)7 68(113)9 92(25)19 120(25)7 121(69)24
12: 3(10)2 5(62)25 6(120)43 17(121)29 35(10)25 51(62)44 59(62)25 73(40)29 79(92)29 88(10)8 100(120)23 104(68)4
13: 21(88)27 28(73)40 32(35)25 33(35)39 60(35)46 65(6)45 89(5)39 93(5)59 96(51)42 109(100)33
14: 8(96)42 41(32)3 49(109)34 63(93)34 76(109)24 111(21)44 119(60)28 127(60)41
15: 39(76)32 55(49)47 71(8)7 74(76)21 84(127)23
16: 13(55)30 27(39)19 57(71)22 102(39)34
17: 18(13)8 22(27)16 67(27)33
18: 12(22)11 94(67)43 98(22)10 105(67)41 125(18)10
19: 42(98)22
20: 58(42)8
21: 15(58)1 50(58)0
22: 9(15)11 14(50)40 29(15)17 47(50)44
23: 19(29)3 24(9)41 101(9)28 103(9)10 115(9)60 116(29)10
24: 53(103)73
25: 52(53)108
weight: 3555
