0: 16
1: 29(16)6
2: 23(29)70 31(29)18
3: 4(31)0 7(23)157 9(31)73 26(31)202
4: 2(9)39 3(9)106 11(9)90 12(7)122
5: 1(11)38 8(11)100 15(2)0 18(3)7 24(11)23
6: 6(24)120 10(1)48 13(24)188 14(18)12
7: 19(14)85 27(14)123 28(10)26
8: 0(27)98 17(19)38
9: 20(0)88 21(0)44 25(17)114
10: 22(20)124 30(25)39
11: 5(30)2
weight: 2200
